main.c:76:6:flash_read	24	static
main.c:123:6:setTransaction	16	static
main.c:137:6:setWriteMode	16	static
main.c:144:6:eraseAll	8	static
main.c:151:6:setWriteStatus	16	static
main.c:163:6:setHEOW	16	static
main.c:170:6:waitForEndOfWriting	8	static
main.c:190:6:writeLineSPI	40	static
main.c:227:5:main	32	static
main.c:332:6:SystemClock_Config	88	static
main.c:372:13:MX_SPI1_Init	8	static
main.c:410:13:MX_USART3_UART_Init	8	static
main.c:443:13:MX_GPIO_Init	40	static
main.c:472:6:Error_Handler	4	static,ignoring_inline_asm
