main.c:86:6:CS_change	8	static
main.c:95:6:flash_read	24	static
main.c:130:6:pin_control	16	static
main.c:143:6:setWriteStatus	16	static
main.c:155:6:setHEOW	16	static
main.c:161:6:waitForEndOfWriting	8	static
main.c:169:6:setWriteMode	16	static
main.c:175:6:flash_clear	8	static
main.c:184:6:flash_write	40	static
main.c:213:6:flash_write_text	32	static
main.c:242:5:main	16	static
main.c:323:6:SystemClock_Config	88	static
main.c:363:13:MX_SPI1_Init	8	static
main.c:401:13:MX_USART3_UART_Init	8	static
main.c:434:13:MX_GPIO_Init	40	static
main.c:463:6:Error_Handler	4	static,ignoring_inline_asm
