main.c:79:6:arr_filler_and_transmit	40	static
main.c:89:6:all_led_off	24	static
main.c:96:6:all_led_on	24	static
main.c:106:6:pwm_on	24	static
main.c:116:6:change_duty_cycle	40	static
main.c:124:6:bit_filler_and_transmit	40	static
main.c:132:6:sleep_mode	24	static
main.c:146:10:Round_Int_To	16	static
main.c:156:6:PCA9685_Frequency_Set	112	static
main.c:193:5:main	16	static
main.c:313:6:SystemClock_Config	88	static
main.c:353:13:MX_I2C1_Init	8	static
main.c:387:13:MX_USART3_UART_Init	8	static
main.c:420:13:MX_GPIO_Init	40	static
main.c:448:6:Error_Handler	4	static,ignoring_inline_asm
