23:51:01 **** Incremental Build of configuration Debug for project Lab2 ****
make -j4 all 
arm-none-eabi-gcc "../Core/Src/main.c" -mcpu=cortex-m4 -std=gnu11 -g3 -DDEBUG -DUSE_HAL_DRIVER -DSTM32F407xx -c -I../Core/Inc -I../Drivers/STM32F4xx_HAL_Driver/Inc -I../Drivers/STM32F4xx_HAL_Driver/Inc/Legacy -I../Drivers/CMSIS/Device/ST/STM32F4xx/Include -I../Drivers/CMSIS/Include -O0 -ffunction-sections -fdata-sections -Wall -fstack-usage -MMD -MP -MF"Core/Src/main.d" -MT"Core/Src/main.o" --specs=nano.specs -mfpu=fpv4-sp-d16 -mfloat-abi=hard -mthumb -o "Core/Src/main.o"
../Core/Src/main.c: In function 'main':
../Core/Src/main.c:118:15: warning: unused variable 'pins_cross_blink' [-Wunused-variable]
  118 |      uint16_t pins_cross_blink[] = {LED1_Pin,LED3_Pin,LED2_Pin,LED4_Pin};
      |               ^~~~~~~~~~~~~~~~
At top level:
../Core/Src/main.c:135:9: warning: 'HAL_GPIO_EXTI_Callback' defined but not used [-Wunused-function]
  135 |    void HAL_GPIO_EXTI_Callback(uint16_t GPIO_Pin){
      |         ^~~~~~~~~~~~~~~~~~~~~~
../Core/Src/main.c:107:8: warning: 'cross_blink' defined but not used [-Wunused-function]
  107 |   void cross_blink(uint16_t *array,uint16_t array_len){
      |        ^~~~~~~~~~~
../Core/Src/main.c:100:8: warning: 'all_led' defined but not used [-Wunused-function]
  100 |   void all_led(){
      |        ^~~~~~~
arm-none-eabi-gcc -o "Lab2.elf" @"objects.list"   -mcpu=cortex-m4 -T"C:\Users\yurag\STM32CubeIDE\workspace_1.7.0\Lab2\STM32F407VGTX_FLASH.ld" --specs=nosys.specs -Wl,-Map="Lab2.map" -Wl,--gc-sections -static --specs=nano.specs -mfpu=fpv4-sp-d16 -mfloat-abi=hard -mthumb -Wl,--start-group -lc -lm -Wl,--end-group
Finished building target: Lab2.elf
 
arm-none-eabi-size   Lab2.elf 
arm-none-eabi-objdump -h -S  Lab2.elf  > "Lab2.list"
arm-none-eabi-objcopy  -O binary  Lab2.elf  "Lab2.bin"
   text	   data	    bss	    dec	    hex	filename
   6244	     20	   1572	   7836	   1e9c	Lab2.elf
Finished building: default.size.stdout
 
Finished building: Lab2.bin
 
Finished building: Lab2.list
 

23:51:03 Build Finished. 0 errors, 4 warnings. (took 1s.734ms)

